// Jest Snapshot v1, https://goo.gl/fbAQLP

exports[`App component renders App 1`] = `
<BrowserRouter>
  <Switch>
    <Route
      exact={true}
      path="/"
    />
    <Route
      path="/characters/:page"
    />
  </Switch>
</BrowserRouter>
`;
